[     180ms] [LOG] [Fast Refresh] rebuilding @ http://localhost:3002/_next/static/chunks/node_modules_next_dist_1ybzpk2._.js:2477
[     203ms] [LOG] [Fast Refresh] done in 126ms @ http://localhost:3002/_next/static/chunks/node_modules_next_dist_1ybzpk2._.js:2477
[     331ms] [INFO] %cDownload the React DevTools for a better development experience: https://react.dev/link/react-devtools font-weight:bold @ http://localhost:3002/_next/static/chunks/node_modules_next_dist_1ybzpk2._.js:2477
[     356ms] [LOG] [HMR] connected @ http://localhost:3002/_next/static/chunks/node_modules_next_dist_1ybzpk2._.js:2477
[     802ms] [WARNING] Clerk: Clerk has been loaded with development keys. Development instances have strict usage limits and should not be used when deploying your application to production. Learn more: https://clerk.com/docs/deployments/overview @ http://localhost:3002/_next/static/chunks/node_modules_next_dist_1ybzpk2._.js:2477
[  141144ms] [VERBOSE] [DOM] Password field is not contained in a form: (More info: https://goo.gl/9p2vKq) %o @ https://accounts.google.com/v3/signin/identifier?opparams=%253F&dsh=S118054338%3A1781831344853516&access_type=offline&client_id=787459168867-0v2orf3qo56uocsi84iroseoahhuovdm.apps.googleusercontent.com&o2v=1&redirect_uri=https%3A%2F%2Fclerk.shared.lcl.dev%2Fv1%2Foauth_callback&response_type=code&scope=openid+https%3A%2F%2Fwww.googleapis.com%2Fauth%2Fuserinfo.email+https%3A%2F%2Fwww.googleapis.com%2Fauth%2Fuserinfo.profile&service=lso&state=6n4ccqfsscshj6ooz60uzo9awpxyd2o8kldtvxa3&flowName=GeneralOAuthFlow&continue=https%3A%2F%2Faccounts.google.com%2Fsignin%2Foauth%2Fconsent%3Fauthuser%3Dunknown%26part%3DAJi8hAOxUyMmkWWRobkv1Fnc13XjiYS7xZNXCTb65-ILZJgXG5EIgtwvRwPFHrEbTGAR1UUqe3GXy2a-Z3fYyRnQdRbLHF0W54Dy_L-a8VqrL4lZ1pFwgYB8CoO5TQXnMovCyCl8TMbYPPaD2I6MidBxU5JaWIAg1DOEiCoCd10OwNj0TeW4N3Zg209pqysT-yFBGUc6F0ld_YBvSD44_XHAPPqCb-TypMCvHSVawmwH3FfUsGhHfXI52DBZdTxxTIEbbuVbYcITYK2qWc1faQzW8kZOe1RVSfRtDUgG8ggrFWL9n63-lYNbH9HxzRRCpsvP4pRQ6N-aTfFz5Jc2K0XFtNCDAuSP151Dzx3kPlrQG9SeKbpAKdwvp9UAPJVfnNQju8V-uUYJpQSkNOgc3iTad26i1yd0yMvn2zILH8VuwpkXyO7KZkEjbFHa94AM1U7Yk54vaNWkgX37q74DdhY_B_uZEfOQGfJcylkTaC4eNrV4hz32_4o%26flowName%3DGeneralOAuthFlow%26as%3DS118054338%253A1781831344853516%26client_id%3D787459168867-0v2orf3qo56uocsi84iroseoahhuovdm.apps.googleusercontent.com%26requestPath%3D%252Fsignin%252Foauth%252Fconsent%23&app_domain=https%3A%2F%2Fclerk.shared.lcl.dev&rart=ANgoxcc4M185UitqMV3DrVyLUO2iKqiVL5tiE5eZwvE9Qix_nmdzcw9_7tJBMRlo8nliSdS1y95ExQ743VeMbwKx3nsAm_5gSpCgSqQS_TnkYtbHY0YXRsI:0
[  141155ms] [LOG] %c%s color: red; background: yellow; font-size: 24px; WARNING! @ https://www.gstatic.com/_/mss/boq-identity/_/js/k=boq-identity.AccountsSignInUi.en_US.6ScBlw9gOxw.es5.O/am=EQ0AAAAwULyQAcD-_28AAAIIsh3wPQugCRAyAAAAAAAAAABgAQAAGgE/d=1/excm=_b,_tp,identifierview/ed=1/dg=0/wt=2/ujg=1/rs=AOaEmlFR7jA1a5YjVK0k0tz0FLQ_AyHRAQ/dti=1/m=_b,_tp:552
[  141155ms] [LOG] %c%s font-size: 18px; Using this console may allow attackers to impersonate you and steal your information using an attack called Self-XSS.
Do not enter or paste code that you do not understand. @ https://www.gstatic.com/_/mss/boq-identity/_/js/k=boq-identity.AccountsSignInUi.en_US.6ScBlw9gOxw.es5.O/am=EQ0AAAAwULyQAcD-_28AAAIIsh3wPQugCRAyAAAAAAAAAABgAQAAGgE/d=1/excm=_b,_tp,identifierview/ed=1/dg=0/wt=2/ujg=1/rs=AOaEmlFR7jA1a5YjVK0k0tz0FLQ_AyHRAQ/dti=1/m=_b,_tp:552
[  148876ms] [WARNING] Blocked aria-hidden on an element because its descendant retained focus. The focus must not be hidden from assistive technology users. Avoid using aria-hidden on a focused element or its ancestor. Consider using the inert attribute instead, which will also prevent focus. For more details, see the aria-hidden section of the WAI-ARIA specification at https://w3c.github.io/aria/#aria-hidden.
Element with focus: <div.VfPpkd-qNpTzb-P1ekSe VfPpkd-qNpTzb-P1ekSe-OWXEXe-A9y3zc VfPpkd-qNpTzb-P1ekSe-OWXEXe-OiiCO-IhfUye>
Ancestor with aria-hidden: <div.wuMMWb> @ https://accounts.google.com/v3/signin/identifier?opparams=%253F&dsh=S118054338%3A1781831344853516&access_type=offline&client_id=787459168867-0v2orf3qo56uocsi84iroseoahhuovdm.apps.googleusercontent.com&o2v=1&redirect_uri=https%3A%2F%2Fclerk.shared.lcl.dev%2Fv1%2Foauth_callback&response_type=code&scope=openid+https%3A%2F%2Fwww.googleapis.com%2Fauth%2Fuserinfo.email+https%3A%2F%2Fwww.googleapis.com%2Fauth%2Fuserinfo.profile&service=lso&state=6n4ccqfsscshj6ooz60uzo9awpxyd2o8kldtvxa3&flowName=GeneralOAuthFlow&continue=https%3A%2F%2Faccounts.google.com%2Fsignin%2Foauth%2Fconsent%3Fauthuser%3Dunknown%26part%3DAJi8hAOxUyMmkWWRobkv1Fnc13XjiYS7xZNXCTb65-ILZJgXG5EIgtwvRwPFHrEbTGAR1UUqe3GXy2a-Z3fYyRnQdRbLHF0W54Dy_L-a8VqrL4lZ1pFwgYB8CoO5TQXnMovCyCl8TMbYPPaD2I6MidBxU5JaWIAg1DOEiCoCd10OwNj0TeW4N3Zg209pqysT-yFBGUc6F0ld_YBvSD44_XHAPPqCb-TypMCvHSVawmwH3FfUsGhHfXI52DBZdTxxTIEbbuVbYcITYK2qWc1faQzW8kZOe1RVSfRtDUgG8ggrFWL9n63-lYNbH9HxzRRCpsvP4pRQ6N-aTfFz5Jc2K0XFtNCDAuSP151Dzx3kPlrQG9SeKbpAKdwvp9UAPJVfnNQju8V-uUYJpQSkNOgc3iTad26i1yd0yMvn2zILH8VuwpkXyO7KZkEjbFHa94AM1U7Yk54vaNWkgX37q74DdhY_B_uZEfOQGfJcylkTaC4eNrV4hz32_4o%26flowName%3DGeneralOAuthFlow%26as%3DS118054338%253A1781831344853516%26client_id%3D787459168867-0v2orf3qo56uocsi84iroseoahhuovdm.apps.googleusercontent.com%26requestPath%3D%252Fsignin%252Foauth%252Fconsent%23&app_domain=https%3A%2F%2Fclerk.shared.lcl.dev&rart=ANgoxcc4M185UitqMV3DrVyLUO2iKqiVL5tiE5eZwvE9Qix_nmdzcw9_7tJBMRlo8nliSdS1y95ExQ743VeMbwKx3nsAm_5gSpCgSqQS_TnkYtbHY0YXRsI:0
[  153152ms] [ERROR] Failed to load resource: the server responded with a status of 404 () @ https://modest-macaw-99.clerk.accounts.dev/favicon.ico:0
[  154942ms] [INFO] %cDownload the React DevTools for a better development experience: https://react.dev/link/react-devtools font-weight:bold @ http://localhost:3002/_next/static/chunks/node_modules_next_dist_1ybzpk2._.js:2477
[  155017ms] [LOG] [HMR] connected @ http://localhost:3002/_next/static/chunks/node_modules_next_dist_1ybzpk2._.js:2477
[  155301ms] [WARNING] Clerk: Clerk has been loaded with development keys. Development instances have strict usage limits and should not be used when deploying your application to production. Learn more: https://clerk.com/docs/deployments/overview @ http://localhost:3002/_next/static/chunks/node_modules_next_dist_1ybzpk2._.js:2477
[  160412ms] [ERROR] %c%s%c [db] background: #e6e6e6;background: light-dark(rgba(0,0,0,0.1), rgba(255,255,255,0.25));color: #000000;color: light-dark(#000000, #ffffff);border-radius: 2px  Server   {"code":"PGRST205","details":null,"hint":null,"message":"Could not find the table 'public.xp_events' in the schema cache"} @ http://localhost:3002/_next/static/chunks/node_modules_next_dist_1ybzpk2._.js:3318
[  160413ms] [ERROR] %c%s%c [db] background: #e6e6e6;background: light-dark(rgba(0,0,0,0.1), rgba(255,255,255,0.25));color: #000000;color: light-dark(#000000, #ffffff);border-radius: 2px  Server   {"code":"PGRST205","details":null,"hint":null,"message":"Could not find the table 'public.user_progress' in the schema cache"} @ http://localhost:3002/_next/static/chunks/node_modules_next_dist_1ybzpk2._.js:3318
[  160413ms] [ERROR] %c%s%c [db] background: #e6e6e6;background: light-dark(rgba(0,0,0,0.1), rgba(255,255,255,0.25));color: #000000;color: light-dark(#000000, #ffffff);border-radius: 2px  Server   {"code":"PGRST205","details":null,"hint":null,"message":"Could not find the table 'public.xp_events' in the schema cache"} @ http://localhost:3002/_next/static/chunks/node_modules_next_dist_1ybzpk2._.js:3318
[  952118ms] [LOG] [Fast Refresh] rebuilding @ http://localhost:3002/_next/static/chunks/node_modules_next_dist_1ybzpk2._.js:2477
[  952969ms] [LOG] [Fast Refresh] done in 951ms @ http://localhost:3002/_next/static/chunks/node_modules_next_dist_1ybzpk2._.js:2477
[  954031ms] [LOG] [Fast Refresh] rebuilding @ http://localhost:3002/_next/static/chunks/node_modules_next_dist_1ybzpk2._.js:2477
[  954040ms] [LOG] [Fast Refresh] done in 131ms @ http://localhost:3002/_next/static/chunks/node_modules_next_dist_1ybzpk2._.js:2477
[  955669ms] [LOG] [Fast Refresh] rebuilding @ http://localhost:3002/_next/static/chunks/node_modules_next_dist_1ybzpk2._.js:2477
[  956160ms] [LOG] [Fast Refresh] done in 598ms @ http://localhost:3002/_next/static/chunks/node_modules_next_dist_1ybzpk2._.js:2477
[  958299ms] [LOG] [Fast Refresh] rebuilding @ http://localhost:3002/_next/static/chunks/node_modules_next_dist_1ybzpk2._.js:2477
[  958756ms] [LOG] [Fast Refresh] done in 560ms @ http://localhost:3002/_next/static/chunks/node_modules_next_dist_1ybzpk2._.js:2477
[  962233ms] [LOG] [Fast Refresh] rebuilding @ http://localhost:3002/_next/static/chunks/node_modules_next_dist_1ybzpk2._.js:2477
[  962820ms] [LOG] [Fast Refresh] done in 692ms @ http://localhost:3002/_next/static/chunks/node_modules_next_dist_1ybzpk2._.js:2477
[  963765ms] [ERROR] Failed to load resource: the server responded with a status of 500 (Internal Server Error) @ http://localhost:3002/api/chat:0
[  969185ms] [LOG] [Fast Refresh] rebuilding @ http://localhost:3002/_next/static/chunks/node_modules_next_dist_1ybzpk2._.js:2477
[  969875ms] [LOG] [Fast Refresh] done in 795ms @ http://localhost:3002/_next/static/chunks/node_modules_next_dist_1ybzpk2._.js:2477
[  970008ms] [LOG] [Fast Refresh] rebuilding @ http://localhost:3002/_next/static/chunks/node_modules_next_dist_1ybzpk2._.js:2477
[  970014ms] [LOG] [Fast Refresh] done in 106ms @ http://localhost:3002/_next/static/chunks/node_modules_next_dist_1ybzpk2._.js:2477
[  974139ms] [LOG] [Fast Refresh] rebuilding @ http://localhost:3002/_next/static/chunks/node_modules_next_dist_1ybzpk2._.js:2477
[  974625ms] [LOG] [Fast Refresh] done in 588ms @ http://localhost:3002/_next/static/chunks/node_modules_next_dist_1ybzpk2._.js:2477
[ 1084237ms] [ERROR] %c%s%c [db] background: #e6e6e6;background: light-dark(rgba(0,0,0,0.1), rgba(255,255,255,0.25));color: #000000;color: light-dark(#000000, #ffffff);border-radius: 2px  Server   {"code":"PGRST205","details":null,"hint":null,"message":"Could not find the table 'public.user_progress' in the schema cache"} @ http://localhost:3002/_next/static/chunks/node_modules_next_dist_1ybzpk2._.js:3318
[ 1084239ms] [ERROR] %c%s%c [db] background: #e6e6e6;background: light-dark(rgba(0,0,0,0.1), rgba(255,255,255,0.25));color: #000000;color: light-dark(#000000, #ffffff);border-radius: 2px  Server   {"code":"PGRST205","details":null,"hint":null,"message":"Could not find the table 'public.xp_events' in the schema cache"} @ http://localhost:3002/_next/static/chunks/node_modules_next_dist_1ybzpk2._.js:3318
[ 1084240ms] [ERROR] %c%s%c [db] background: #e6e6e6;background: light-dark(rgba(0,0,0,0.1), rgba(255,255,255,0.25));color: #000000;color: light-dark(#000000, #ffffff);border-radius: 2px  Server   {"code":"PGRST205","details":null,"hint":null,"message":"Could not find the table 'public.xp_events' in the schema cache"} @ http://localhost:3002/_next/static/chunks/node_modules_next_dist_1ybzpk2._.js:3318
[ 1089481ms] [LOG] [Fast Refresh] rebuilding @ http://localhost:3002/_next/static/chunks/node_modules_next_dist_1ybzpk2._.js:2477
[ 1090095ms] [LOG] [Fast Refresh] done in 716ms @ http://localhost:3002/_next/static/chunks/node_modules_next_dist_1ybzpk2._.js:2477
[ 1614118ms] [ERROR] Failed to load resource: the server responded with a status of 500 (Internal Server Error) @ http://localhost:3002/api/chat:0
[ 7385606ms] [LOG] [HMR] connected @ http://localhost:3002/_next/static/chunks/node_modules_next_dist_1ybzpk2._.js:2477
[ 7385936ms] [LOG] [Fast Refresh] rebuilding @ http://localhost:3002/_next/static/chunks/node_modules_next_dist_1ybzpk2._.js:2477
[ 7385960ms] [LOG] [Fast Refresh] done in 125ms @ http://localhost:3002/_next/static/chunks/node_modules_next_dist_1ybzpk2._.js:2477
[ 7388833ms] [ERROR] Failed to load resource: net::ERR_CONNECTION_RESET @ https://modest-macaw-99.clerk.accounts.dev/v1/client/sessions/sess_3FKksg8ckmcvz0CXnv0QTAeXt2G/tokens?__clerk_api_version=2026-05-12&_clerk_js_version=6.17.0&__clerk_db_jwt=dvb_3FJs84dyEGmS5Ij5kS1OzDmLJKa:0
[ 7665822ms] [ERROR] Failed to load resource: net::ERR_INTERNET_DISCONNECTED @ https://modest-macaw-99.clerk.accounts.dev/v1/client/sessions/sess_3FKksg8ckmcvz0CXnv0QTAeXt2G/tokens?__clerk_api_version=2026-05-12&_clerk_js_version=6.17.0&__clerk_db_jwt=dvb_3FJs84dyEGmS5Ij5kS1OzDmLJKa:0
[ 7665859ms] [ERROR] Failed to load resource: net::ERR_INTERNET_DISCONNECTED @ https://modest-macaw-99.clerk.accounts.dev/v1/client/sessions/sess_3FKksg8ckmcvz0CXnv0QTAeXt2G/tokens?__clerk_api_version=2026-05-12&_clerk_js_version=6.17.0&__clerk_db_jwt=dvb_3FJs84dyEGmS5Ij5kS1OzDmLJKa:0
[ 7665957ms] [LOG] [HMR] connected @ http://localhost:3002/_next/static/chunks/node_modules_next_dist_1ybzpk2._.js:2477
[ 7666479ms] [LOG] [Fast Refresh] rebuilding @ http://localhost:3002/_next/static/chunks/node_modules_next_dist_1ybzpk2._.js:2477
[ 7666599ms] [LOG] [Fast Refresh] done in 230ms @ http://localhost:3002/_next/static/chunks/node_modules_next_dist_1ybzpk2._.js:2477
[ 7674561ms] [ERROR] Failed to load resource: net::ERR_NETWORK_CHANGED @ https://modest-macaw-99.clerk.accounts.dev/v1/client/sessions/sess_3FKksg8ckmcvz0CXnv0QTAeXt2G/tokens?__clerk_api_version=2026-05-12&_clerk_js_version=6.17.0&__clerk_db_jwt=dvb_3FJs84dyEGmS5Ij5kS1OzDmLJKa:0
